npm warn Unknown env config "http-proxy". This will stop working in the next major version of npm.

> speedyvan@1.0.0 test:regression
> node --test scripts/*-regression.cjs

✔ unknown, declined and invalid choices do not send events even when providers exist (7.771171ms)
✔ acceptance updates subscribers immediately; revocation disables already loaded providers (2.082427ms)
✔ a choice in another tab updates the current tab without a reload (1.317259ms)
✔ blocked storage fails closed until an explicit choice and preserves in-memory purchase deduplication (1.8912ms)
✔ an accepted event has one delivery path and no query-string contact details (1.056396ms)
✔ the same confirmed booking is sent once to each provider across reloads (2.168156ms)
✔ a provider that becomes available later does not repeat the other provider's purchase (1.363959ms)
✔ invalid amounts and incomplete purchase identifiers never create revenue (1.376858ms)
✔ initialisation uses denied defaults, disables automatic page views and runs once (3.139846ms)
✔ private pages never send application events (1.362236ms)
✔ blocked providers cannot throw into the customer flow (1.482837ms)
✔ contact CTA capture sends one event and a custom click, never a Meta Lead (55.913466ms)
✔ SSR can safely import the helpers without a browser (1.718721ms)
✔ marketing and booking layouts each inherit exactly one global CTA listener (81.394436ms)
✔ footer contact destinations emit existing interest events once under consent (121.987393ms)
✔ the app-level CTA listener preserves private-route exclusion for booking metadata (21.718529ms)
✔ exit help offers real navigation, collects no email and does not record a lead (18.228677ms)
✔ Vercel builds a fresh source bundle behind its tracked bootstrap (3.096991ms)
✔ the fresh Vercel handler starts on Node without TypeScript loaders or extension rewriting (765.754833ms)
✔ root API routes remain unchanged while exactly one /api segment is removed (18.152734ms)
✔ webhook adapter preserves the signature, raw body, query and request method (2.259283ms)
✔ standalone packaging bundles current workspace source and pins installed runtime versions (92.695539ms)
✔ standalone build refuses to overwrite source directories (0.735966ms)
✔ prefetching the payment module does not initialise Stripe or import its eager entry point (108.919566ms)
✔ mounting payment lazily initialises one stable Stripe promise and reuses it after remount (69.351538ms)
✔ missing payment configuration does not load Stripe and retains unavailable UI (87.885896ms)
✔ SDK rejection retains unavailable UI and cannot enable payment or create a second loader (34.511103ms)
✔ direct entry begins at the service selector; unknown service links do not invent a service (0.371818ms)
✔ refreshing a service entry retains matching draft items, bedrooms and route (78.415372ms)
✔ an intentional different service entry starts that service without the previous inventory (32.005589ms)
✔ fresh entries preselect the requested public service and do not turn student moves into a generic service (131.406169ms)
✔ equivalent aliases resume the same draft, but distinct mapped flat and small moves do not (191.204938ms)
✔ direct and unknown service entries preserve a usable saved draft without applying arbitrary dates (81.344237ms)
✔ consuming a service hint retains attribution, other parameters and hash without a history entry (15.828673ms)
✔ later edits survive refresh and history revisits after the service hint has been consumed (32.557316ms)
✔ service query initialisation cannot replace an unresolved checkout after hydration (17.37818ms)
✔ corrupt, expired, future-dated and unknown-service drafts are rejected (0.547172ms)
✔ restoring payment preserves rooms, items, ground-floor choice and customer details but requires a fresh quote (0.47246ms)
✔ saved loading state and missing prerequisites cannot strand a customer at checkout (0.460312ms)
✔ items, route, helpers and selected date invalidate the old quote and payment session (0.341913ms)
✔ property changes cannot retain hidden floor surcharges or infer a first-floor flat (0.151448ms)
✔ step navigation cannot bypass missing inventory or stale prices; service edit remains reachable (0.115744ms)
✔ unresolved checkout rejects Back/Edit, reset and stale quote responses without losing its intent (0.129845ms)
✔ only a known pre-payment rejection unlocks editing; an established intent remains protected (0.131998ms)
✔ refresh retains unresolved checkout reference and lock, never its payment secret or a fresh-pay path (0.255644ms)
✔ pricing accepts only real finite GBP slots and valid dates (0.368684ms)
✔ empty availability stays empty instead of becoming an infinite or fabricated price (0.122614ms)
✔ checkout rejects missing payment configuration, secret and server price (0.178078ms)
✔ restored checkout is released only for the matching server-verified paid booking (0.334332ms)
✔ payment succeeds only after Stripe success and the server confirmation (0.258889ms)
✔ confirmation retry reuses a paid intent without making another card payment (0.131378ms)
✔ a declined or incomplete card payment never reaches server confirmation (0.320501ms)
✔ processing or cancelled intents never trigger a new charge (0.208353ms)
✔ failed server confirmation rejects completion even when Stripe succeeded (0.367321ms)
✔ payment requires configured Stripe before any create or confirm writes (8.358894ms)
✔ confirmation rejects wrong intent ID without writes (1.352682ms)
✔ confirmation rejects wrong booking metadata without writes (0.988865ms)
✔ confirmation rejects missing metadata without writes (0.908255ms)
✔ confirmation rejects wrong reference without writes (0.950036ms)
✔ confirmation rejects wrong currency without writes (0.646261ms)
✔ confirmation rejects underpayment without writes (0.474473ms)
✔ confirmation rejects overpayment without writes (0.493802ms)
✔ confirmation rejects incomplete capture without writes (0.547462ms)
✔ a pending payment cannot confirm a booking (0.717438ms)
✔ missing stored intent and non-finite or zero total are rejected (0.969526ms)
✔ browser and signed webhook confirmations run durable first-payment effects once (15.640711ms)
✔ late verified payment preserves ASSIGNED (1.161694ms)
✔ late verified payment preserves IN_PROGRESS (1.043488ms)
✔ late verified payment preserves COMPLETED (0.860463ms)
✔ cancelled booking receives one internal payment alert and never reopens (0.854353ms)
✔ database failure rolls back payment effects and causes a retryable webhook response (2.974277ms)
✔ conditional-update race cannot regress an already paid booking (0.55889ms)
✔ failed card attempts cannot cancel pending, paid or cancelled bookings (0.856537ms)
✔ invalid webhook signatures cannot write payment state (0.370907ms)
✔ failed refunds cannot claim cancellation or send a refund promise (0.597618ms)
✔ pending refunds remain unconfirmed and require support review (0.312399ms)
✔ successful cancellation refunds only the outstanding amount and deduplicates repeat calls (0.499961ms)
✔ unpaid cancellation requires no Stripe refund (0.268994ms)
✔ stale refund events reconcile the current succeeded amounts and exclude pending or failed refunds (0.793041ms)
✔ refund reconciliation cannot overwrite a concurrent cancellation refund (0.428153ms)
✔ customers cannot cancel assigned, started or completed moves online (0.287912ms)
✔ the shared error handler preserves actionable errors for admin and mobile callers (11.043797ms)
✔ tracking recovery exposes actual paid state only after matching reference and email (9.824175ms)
✔ failed configuration read rejects calendar and slot pricing before producing any amount (164.763923ms)
✔ a failed read is never cached as empty defaults; the next successful read recovers (49.459112ms)
✔ successful configuration remains cached for five minutes and then refreshes (42.597928ms)
✔ an expired successful cache is not served when its refresh fails (26.692219ms)
✔ documented missing-key defaults remain valid only after a successful configuration read (44.990591ms)
✔ explicit cache invalidation performs another real read (23.197761ms)
✔ available date and time return the exact calendar price (15.451726ms)
✔ past dates, dates outside the calendar and unknown slots never use the static subtotal (26.124651ms)
✔ invalid dates fail with the controlled slot error before loading configuration (29.408098ms)
✔ zero, negative and non-finite slot prices cannot verify a booking amount (48.488383ms)
✔ BST midnight starts on the London date, rejects yesterday and keeps urgency aligned (15.00122ms)
✔ calendar rolls over at London midnight even while configuration remains cached (19.547699ms)
✔ winter GMT does not apply a permanent one-hour offset (11.984018ms)
✔ London month and year rollovers preserve the existing ISO calendar dates (33.365135ms)
✔ weekend pricing follows the London civil day across BST midnight (15.26843ms)
✔ spring DST transition produces consecutive civil dates before and after the clock change (49.900904ms)
✔ autumn DST repeated hour and return to GMT preserve a single London civil date (86.624598ms)
✔ real pricing route and middleware return 503 fail envelope when configuration is unavailable (24.221277ms)
✔ real middleware returns 409 fail envelope for an unavailable slot (11.237918ms)
✔ standalone API schema matches the canonical shared database schema (1.264399ms)
✔ driver login rejects script, external, private and malformed return destinations (21.007051ms)
✔ driver login preserves existing local driver and job links (9.456102ms)
✔ driver login shell leaves return-to-jobs navigation to the login form (11.149635ms)
✔ protected driver routes redirect unauthenticated users with the encoded current path (1.33172ms)
✔ authenticated drivers get protected content after verification without redirects (1.095275ms)
✔ authenticated non-drivers cannot render driver content (2.474136ms)
✔ new worker deletes unsafe old application caches and preserves unrelated caches (9.42161ms)
✔ successful public HTML is available offline (13.741598ms)
✔ private pages and URL query strings are never cached or returned from navigation caches (25.523002ms)
✔ 404, error, redirect, private and personalised responses are not cached (9.744756ms)
✔ exact API root, API descendants, cross-origin and authenticated requests bypass caching (1.415576ms)
✔ only known public assets are cached, never a private URL with an image extension (1.62459ms)
✔ missing offline shell still returns a valid 503 response (4.72772ms)
✔ European document title resolves to one business label under the actual root template (1.269046ms)
✔ European sharing metadata stays page-specific and uses the canonical page URL (0.293742ms)
✔ the title guard recognises both existing business-label spellings (0.188383ms)
✔ actual host middleware leaves API and mutation contracts unredirected without network probes (46.758597ms)
ℹ tests 120
ℹ suites 0
ℹ pass 120
ℹ fail 0
ℹ cancelled 0
ℹ skipped 0
ℹ todo 0
ℹ duration_ms 1616.514013
